// Jest Snapshot v1, https://goo.gl/fbAQLP

exports[`doesnâ€™t leak props to DOM 1`] = `"<div class=\\"sc-bdVaJa kEhfeb\\"></div>"`;

exports[`render a div by default 1`] = `
.c0 {
  box-sizing: border-box;
  display: grid;
  grid-gap: 8px;
}

<div
  class="c0"
>
  hello
</div>
`;
